================================================================================================================
L14 DIRECT-RESIDUAL GATE -- measure Lemma 13's residual itself against nu^{1/3}L(nu)
================================================================================================================
  The swept Lemma 13 claims: the matched approximation psi_app = (1-chi_ell) psi0 + chi_ell
  psi_lay (ell = nu^{1/6}) has FILTERED residual <= C nu^{1/3} L(nu) under the viscous operator.
  The banked gates measured the SOLUTION-level consequences; this instrument measures the
  RESIDUAL itself.  m = 2, s = 1.0 (interior band, r_c ~ 1.256), Lamb-Oseen column.
  Stream-function form: [(is - eps - im*Omega) Dm + im*diag(c)] phi = f  (banded), psi = Dm phi.

  REGISTERED, outcomes named:
    DR-1 ** relative filtered residual ||Dm^{-1}R||/||Dm^{-1}f|| decreases across Re = 2000 ->
         8000 -> 32000 with fitted exponent in nu of >= 0.25 (nu^{1/3} with log dilution;
         faster is consistent -- the lemma is an upper bound).  REFUTED if exponent <= 0.1 on
         the correct branch: the matched construction would be wrong. **
    DR-2 ** branch visibility: the outer solve with the WRONG limiting-absorption sign floors
         at O(1) mismatch (the layer's viscous branch disagrees) while the right sign decays --
         branch selection measured, not assumed. **
    DR-3 ** resolution control at the largest Re: doubling N changes the residual < 10%. **

      Re  nu^(1/3)  rel resid (+eps)  rel resid (-eps)
    2000    0.0794           0.20520           2.39522
    8000    0.0500           0.12268           2.46958
   32000    0.0315           0.07025           2.50389

  DR-1 fitted exponent (correct branch = smaller residual): 0.387   (PASS)
  DR-2 wrong-branch floor: residual ratio across Re = 1.05 (floors/decays slowly -- branch visible)
  DR-3 resolution control at Re=32000: N 4000 -> 8000: change 0.1%   (PASS)
  total 0s
