==================================================================================================================
T3 EXACTNESS GATE -- converging the swirl vanishing exponent to its exact value 1/6 (N=1600)
==================================================================================================================
  The EXACT statement is the proved algebra: exponent = Re nu+- = 1/2, cut at the viscous
  width nu^{1/3} => layer-point value ~ nu^{1/6} exactly (indicial identities banked at 1e-16).
  A finite-Re fit ESTIMATES that asymptote; this instrument makes the estimate converge with an
  error budget -- and tests the theory's own sub-leading prediction: the indicial oscillation
  zeta^{+-i mu} at the viscous cutoff imposes a LOG-PERIODIC modulation of frequency mu/3 in
  ln nu, with mu = sqrt(J - 1/4) computed EXACTLY from the profile (parameter-free).

  REGISTERED, outcomes named:
    X-1 ** the mu-locked joint fit's envelope exponent alpha in [0.150, 0.185] at BOTH band
        points s = 0.5 (mu = 2.00) and s = 0.7 (mu = 3.20); Richardson-extrapolated pairwise
        slope consistent.  Outside -> the 1/6 law fails quantitatively. **
    X-2 ** the modulation, if significant, sits at the EXACT mu(s) -- frequency locked, only
        amplitude/phase fitted; joint-fit rms must improve on the pure power fit or A ~ 0. **
    X-3 ** universality: the two s-values give the SAME envelope alpha (+-0.02) while mu(s)
        differs by 60% -- the envelope is universal, the modulation tracks the exact J. **


  s = 0.5: r_c = 1.2624, J = 4.135, EXACT mu = 1.9710 (modulation frequency mu/3 = 0.6570 in ln nu)
    Re=4000: 0.9966
    Re=8000: 0.7963
    Re=16000: 0.6597
    Re=32000: 0.5959
    Re=64000: 0.5633
    Re=128000: 0.5182
    Re=256000: 0.4492
    Re=512000: 0.3708
    pairwise slopes: ['0.324', '0.271', '0.147', '0.081', '0.120', '0.206', '0.277']
    pure power fit:  alpha = 0.1814  (rms 0.0524)
    Richardson-extrapolated pairwise slope: 0.1249
    mu-LOCKED joint fit: alpha = 0.3409, A = 0.335, phi = +1.42  (rms 0.0122)
    X-1: OUTSIDE (target 1/6 = 0.1667)   X-2: modulation significant, mu-locked fit better

  s = 0.7: r_c = 0.8726, J = 10.316, EXACT mu = 3.1727 (modulation frequency mu/3 = 1.0576 in ln nu)
    Re=4000: 0.9698
    Re=8000: 0.7913
    Re=16000: 0.6957
    Re=32000: 0.6197
    Re=64000: 0.5203
    Re=128000: 0.4380
    Re=256000: 0.3993
    Re=512000: 0.3534
    pairwise slopes: ['0.294', '0.186', '0.167', '0.252', '0.249', '0.133', '0.176']
    pure power fit:  alpha = 0.2070  (rms 0.0256)
    Richardson-extrapolated pairwise slope: 0.1468
    mu-LOCKED joint fit: alpha = 0.2025, A = 0.022, phi = +0.49  (rms 0.0217)
    X-1: OUTSIDE (target 1/6 = 0.1667)   X-2: A ~ 0 (no modulation needed)

  total 199s
